// Jest Snapshot v1, https://goo.gl/fbAQLP

exports[`InvitedParticipants renders invited participants correctly 1`] = `[Function]`;
