// Jest Snapshot v1, https://goo.gl/fbAQLP

exports[`Participants renders participants with correct details 1`] = `[Function]`;
