// Jest Snapshot v1, https://goo.gl/fbAQLP

exports[`Transfer Button should render correct snapshot 1`] = `
Object {
  "asFragment": [Function],
  "baseElement": <body>
    <style>
      
    table.disable-selection {
      -webkit-touch-callout: none;
      -webkit-user-select: none; 
      -khtml-user-select: none; 
      -moz-user-select: none; 
      -ms-user-select: none; 
      user-select: none;
    }
  
    .disable-selection span::selection{
      background-color: transparent;
    }
    .disable-selection br::selection{
      background-color: transparent;
    }
  
    </style>
    <div>
      <div
        class="css-1bkrkjf"
        data-paste-element="BOX"
      >
        <button
          icon="TransferLarge"
          title="ConvTransferTransferChat"
          variant="secondary"
        />
      </div>
    </div>
  </body>,
  "container": <div>
    <div
      class="css-1bkrkjf"
      data-paste-element="BOX"
    >
      <button
        icon="TransferLarge"
        title="ConvTransferTransferChat"
        variant="secondary"
      />
    </div>
  </div>,
  "debug": [Function],
  "findAllByAltText": [Function],
  "findAllByDisplayValue": [Function],
  "findAllByLabelText": [Function],
  "findAllByPlaceholderText": [Function],
  "findAllByRole": [Function],
  "findAllByTestId": [Function],
  "findAllByText": [Function],
  "findAllByTitle": [Function],
  "findByAltText": [Function],
  "findByDisplayValue": [Function],
  "findByLabelText": [Function],
  "findByPlaceholderText": [Function],
  "findByRole": [Function],
  "findByTestId": [Function],
  "findByText": [Function],
  "findByTitle": [Function],
  "getAllByAltText": [Function],
  "getAllByDisplayValue": [Function],
  "getAllByLabelText": [Function],
  "getAllByPlaceholderText": [Function],
  "getAllByRole": [Function],
  "getAllByTestId": [Function],
  "getAllByText": [Function],
  "getAllByTitle": [Function],
  "getByAltText": [Function],
  "getByDisplayValue": [Function],
  "getByLabelText": [Function],
  "getByPlaceholderText": [Function],
  "getByRole": [Function],
  "getByTestId": [Function],
  "getByText": [Function],
  "getByTitle": [Function],
  "queryAllByAltText": [Function],
  "queryAllByDisplayValue": [Function],
  "queryAllByLabelText": [Function],
  "queryAllByPlaceholderText": [Function],
  "queryAllByRole": [Function],
  "queryAllByTestId": [Function],
  "queryAllByText": [Function],
  "queryAllByTitle": [Function],
  "queryByAltText": [Function],
  "queryByDisplayValue": [Function],
  "queryByLabelText": [Function],
  "queryByPlaceholderText": [Function],
  "queryByRole": [Function],
  "queryByTestId": [Function],
  "queryByText": [Function],
  "queryByTitle": [Function],
  "rerender": [Function],
  "unmount": [Function],
}
`;
